3:My first attempt had an error in my command
